
> frontline-dashboard@0.0.1 build
> ng build

[33mÔØ»[39m Building...
[32mÔ£ö[39m Building...
Application bundle generation failed. [2.922 seconds] - 2025-11-20T06:09:56.028Z

node.exe : [1m[33m[33mÔû▓ 
[43;33m[[43;30mWARNING[43;33m][0m [1mThe 
glob pattern import("./**/*.entry.js*") did not 
match any files[0m [empty-glob]
At line:1 char:1
+ & "C:\Program Files\nodejs/node.exe" 
"C:\Program Files\nodejs/node_mo ...
+ ~~~~~~~~~~~~~~~~~~~~~~~~~~~~~~~~~~~~~~~~~~~~~~~~
~~~~~~~~~~~~~~~~~~~~~
    + CategoryInfo          : NotSpecified: ([1m 
   [33m[33mÔ...0m [empty-glob]:String) [], Rem  
  oteException
    + FullyQualifiedErrorId : NativeCommandError
 

    node_modules/@stencil/core/internal/client/ind
ex.js:169:2:
[37m      169 Ôöé   [32m`./${bundleId}.entry.js$
{BUILD5.hotModuleReplacement && hmrVers[37m...
          ÔòÁ   [32m~~~~~~~~~~~~~~~~~~~~~~~~~~~~~
~~~~~~~~~~~~~~~~~~~~~~~~~~~~~~~~~~[0m

[39m[22m
[1m[31m[31mX 
[41;31m[[41;97mERROR[41;31m][0m [1mTS2322: 
Type 'ClientData[] | null' is not assignable to 
type 'ClientData[]'.
  Type 'null' is not assignable to type 
'ClientData[]'.[0m [1m[35m[plugin 
angular-compiler][0m

    src/app/components/dashboard/dashboard.compone
nt.html:23:19:
[37m      23 Ôöé     <app-map-view 
[[32mclients[37m]="filteredCompanies$ | 
async"></app-map...
         ÔòÁ                    [32m~~~~~~~[0m

  Error occurs in the template of component 
DashboardComponent.

    src/app/components/dashboard/dashboard.compone
nt.ts:21:15:
[37m      21 Ôöé   templateUrl: 
[32m'./dashboard.component.html'[37m,
         ÔòÁ                
[32m~~~~~~~~~~~~~~~~~~~~~~~~~~~~[0m


[31mX [41;31m[[41;97mERROR[41;31m][0m 
[1mTS2339: Property 'location' does not exist on 
type 'ClientData'.[0m [1m[35m[plugin 
angular-compiler][0m

    src/app/components/dashboard/dashboard.compone
nt.html:127:23:
[37m      127 Ôöé             {{ 
company.[32mlocation[37m.suburb }}, {{ 
company.location.pr...
          ÔòÁ                        
[32m~~~~~~~~[0m

  Error occurs in the template of component 
DashboardComponent.

    src/app/components/dashboard/dashboard.compone
nt.ts:21:15:
[37m      21 Ôöé   templateUrl: 
[32m'./dashboard.component.html'[37m,
         ÔòÁ                
[32m~~~~~~~~~~~~~~~~~~~~~~~~~~~~[0m


[31mX [41;31m[[41;97mERROR[41;31m][0m 
[1mTS2339: Property 'location' does not exist on 
type 'ClientData'.[0m [1m[35m[plugin 
angular-compiler][0m

    src/app/components/dashboard/dashboard.compone
nt.html:127:54:
[37m      127 Ôöé ...   {{ 
company.location.suburb }}, {{ 
company.[32mlocation[37m.province }}
          ÔòÁ                                     
            [32m~~~~~~~~[0m

  Error occurs in the template of component 
DashboardComponent.

    src/app/components/dashboard/dashboard.compone
nt.ts:21:15:
[37m      21 Ôöé   templateUrl: 
[32m'./dashboard.component.html'[37m,
         ÔòÁ                
[32m~~~~~~~~~~~~~~~~~~~~~~~~~~~~[0m


[31mX [41;31m[[41;97mERROR[41;31m][0m 
[1mTS2339: Property 'parsedDates' does not exist 
on type 'ClientData'.[0m [1m[35m[plugin 
angular-compiler][0m

    src/app/components/dashboard/dashboard.compone
nt.html:149:62:
[37m      149 Ôöé ...value">{{ formatDate(company
.[32mparsedDates[37m.lastSiteVisit) }}</span>
          ÔòÁ                                 
[32m~~~~~~~~~~~[0m

  Error occurs in the template of component 
DashboardComponent.

    src/app/components/dashboard/dashboard.compone
nt.ts:21:15:
[37m      21 Ôöé   templateUrl: 
[32m'./dashboard.component.html'[37m,
         ÔòÁ                
[32m~~~~~~~~~~~~~~~~~~~~~~~~~~~~[0m


[31mX [41;31m[[41;97mERROR[41;31m][0m 
[1mTS2322: Type 'ClientData[] | null' is not 
assignable to type 'ClientData[]'.
  Type 'null' is not assignable to type 
'ClientData[]'.[0m [1m[35m[plugin 
angular-compiler][0m

    src/app/components/dashboard/dashboard.compone
nt.html:202:27:
[37m      202 Ôöé             <app-map-view 
[[32mclients[37m]="filteredCompanies$ | 
async">...
          ÔòÁ                            
[32m~~~~~~~[0m

  Error occurs in the template of component 
DashboardComponent.

    src/app/components/dashboard/dashboard.compone
nt.ts:21:15:
[37m      21 Ôöé   templateUrl: 
[32m'./dashboard.component.html'[37m,
         ÔòÁ                
[32m~~~~~~~~~~~~~~~~~~~~~~~~~~~~[0m


[31mX [41;31m[[41;97mERROR[41;31m][0m 
[1mTS2339: Property 'location' does not exist on 
type 'ClientData'.[0m [1m[35m[plugin 
angular-compiler][0m

    src/app/components/dashboard/dashboard.compone
nt.html:309:31:
[37m      309 Ôöé ...                {{ 
company.[32mlocation[37m.suburb }}, {{ 
company.loca...
          ÔòÁ                               
[32m~~~~~~~~[0m

  Error occurs in the template of component 
DashboardComponent.

    src/app/components/dashboard/dashboard.compone
nt.ts:21:15:
[37m      21 Ôöé   templateUrl: 
[32m'./dashboard.component.html'[37m,
         ÔòÁ                
[32m~~~~~~~~~~~~~~~~~~~~~~~~~~~~[0m


[31mX [41;31m[[41;97mERROR[41;31m][0m 
[1mTS2339: Property 'location' does not exist on 
type 'ClientData'.[0m [1m[35m[plugin 
angular-compiler][0m

    src/app/components/dashboard/dashboard.compone
nt.html:309:62:
[37m      309 Ôöé ...   {{ 
company.location.suburb }}, {{ 
company.[32mlocation[37m.province }}
          ÔòÁ                                     
            [32m~~~~~~~~[0m

  Error occurs in the template of component 
DashboardComponent.

    src/app/components/dashboard/dashboard.compone
nt.ts:21:15:
[37m      21 Ôöé   templateUrl: 
[32m'./dashboard.component.html'[37m,
         ÔòÁ                
[32m~~~~~~~~~~~~~~~~~~~~~~~~~~~~[0m


[31mX [41;31m[[41;97mERROR[41;31m][0m 
[1mTS2339: Property 'parsedDates' does not exist 
on type 'ClientData'.[0m [1m[35m[plugin 
angular-compiler][0m

    src/app/components/dashboard/dashboard.compone
nt.html:331:70:
[37m      331 Ôöé ...value">{{ formatDate(company
.[32mparsedDates[37m.lastSiteVisit) }}</span>
          ÔòÁ                                 
[32m~~~~~~~~~~~[0m

  Error occurs in the template of component 
DashboardComponent.

    src/app/components/dashboard/dashboard.compone
nt.ts:21:15:
[37m      21 Ôöé   templateUrl: 
[32m'./dashboard.component.html'[37m,
         ÔòÁ                
[32m~~~~~~~~~~~~~~~~~~~~~~~~~~~~[0m

[39m[22m
